[debug] > Exec(;reload; set _root_.org.jetbrains.sbt.StructureKeys.sbtStructureOptions in Global := "download resolveClassifiers" ;*/*:dumpStructureTo C:/Users/Pozhogin/AppData/Local/Temp/sbt-structure.xml; session clear-all ; set ideaPort in Global := 49932, None, None)
[debug] > Exec(reload, None, None)
[debug] > Exec(sbtStashOnFailure, None, None)
[debug] > Exec(onFailure loadFailed, None, None)
[debug] > Exec(loadp, None, None)
[info] welcome to sbt 1.11.6 (Amazon.com Inc. Java 17.0.14)
[debug]       Load.loadUnit: plugins took 33.9001ms
[debug]       Load.loadUnit: defsScala took 0.0071ms
[debug] [Loading] Scanning directory C:\Users\Pozhogin\.sbt\1.0\plugins
[debug] [Loading] Found non-root projects 
[debug] [Loading] Done in C:\Users\Pozhogin\.sbt\1.0\plugins, returning: ()
[debug] deducing auto plugins based on known facts Set(Atom(sbt.plugins.CorePlugin)) and clauses Clauses(Clause(Atom(sbt.plugins.JvmPlugin),Set(Atom(sbt.plugins.IvyPlugin)))
[debug] Clause(Atom(sbt.ScriptedPlugin),Set(Atom(sbt.plugins.JvmPlugin)))
[debug] Clause(Atom(sbt.plugins.SbtPlugin),Set(Atom(sbt.ScriptedPlugin)))
[debug] Clause(Atom(sbt.plugins.SemanticdbPlugin),Set(Atom(sbt.plugins.JvmPlugin)))
[debug] Clause(Atom(sbt.plugins.JUnitXmlReportPlugin),Set(Atom(sbt.plugins.JvmPlugin)))
[debug] Clause(Atom(sbt.plugins.MiniDependencyTreePlugin),Set(Atom(sbt.plugins.JvmPlugin)))
[debug] Clause(Atom(sbt.plugins.CorePlugin),Set(Atom(sbt.plugins.IvyPlugin)))
[debug] Clause(Atom(sbt.plugins.IvyPlugin),Set(Atom(sbt.plugins.JvmPlugin)))
[debug] Clause(Atom(sbt.plugins.JvmPlugin),Set(Atom(sbt.plugins.SemanticdbPlugin)))
[debug] Clause(Atom(sbt.plugins.JvmPlugin),Set(Atom(sbt.plugins.JUnitXmlReportPlugin)))
[debug] Clause(Atom(sbt.plugins.CorePlugin),Set(Atom(sbt.plugins.Giter8TemplatePlugin)))
[debug] Clause(Atom(sbt.plugins.JvmPlugin),Set(Atom(sbt.plugins.MiniDependencyTreePlugin))))
[debug]   :: deduced result: Matched(sbt.plugins.CorePlugin,sbt.plugins.Giter8TemplatePlugin,sbt.plugins.IvyPlugin,sbt.plugins.JvmPlugin,sbt.plugins.MiniDependencyTreePlugin,sbt.plugins.JUnitXmlReportPlugin,sbt.plugins.SemanticdbPlugin)
[debug] Plugins.deducer#function took 3.3703 ms
[debug]           Load.resolveProject(global-plugins) took 1.4244ms
[debug]         Load.loadTransitive: finalizeProject(Project(id global-plugins, base: C:\Users\Pozhogin\.sbt\1.0\plugins, plugins: List(<none>))) took 5.302ms
[debug] [Loading] Done in C:\Users\Pozhogin\.sbt\1.0\plugins, returning: (global-plugins)
[debug]       Load.loadUnit: loadedProjectsRaw took 6.7405ms
[debug]       Load.loadUnit: cleanEvalClasses took 0.0094ms
[debug]     Load.loadUnit(file:/C:/Users/Pozhogin/.sbt/1.0/plugins/, ...) took 42.035ms
[debug]   Load.apply: load took 43.7607ms
[debug]   Load.apply: resolveProjects took 0.1058ms
[debug]   Load.apply: finalTransforms took 5.894ms
[debug]   Load.apply: config.delegates took 0.3287ms
[debug]   Load.apply: Def.make(settings)... took 43.137ms
[debug]   Load.apply: structureIndex took 28.072ms
[debug]   Load.apply: mkStreams took 0.0032ms
[info] loading global plugins from C:\Users\Pozhogin\.sbt\1.0\plugins
[debug] Running task... Cancel: Signal, check cycles: false, forcegc: true
[debug] Load.defaultLoad until apply took 349.054ms
[debug]           Load.loadUnit: plugins took 36.6578ms
[debug]           Load.loadUnit: defsScala took 0.003ms
[debug] [Loading] Scanning directory C:\Users\Pozhogin\IdeaProjects\gatling-sbt-plugin-demo\project
[debug]             Load.loadUnit: mkEval took 0.5633ms
[debug] [Loading] Found non-root projects 
[debug] [Loading] Done in C:\Users\Pozhogin\IdeaProjects\gatling-sbt-plugin-demo\project, returning: ()
[debug] deducing auto plugins based on known facts Set(Atom(sbt.plugins.CorePlugin)) and clauses Clauses(Clause(Atom(sbt.plugins.JvmPlugin),Set(Atom(sbt.plugins.IvyPlugin)))
[debug] Clause(Atom(sbt.ScriptedPlugin),Set(Atom(sbt.plugins.JvmPlugin)))
[debug] Clause(Atom(sbt.plugins.SbtPlugin),Set(Atom(sbt.ScriptedPlugin)))
[debug] Clause(Atom(sbt.plugins.SemanticdbPlugin),Set(Atom(sbt.plugins.JvmPlugin)))
[debug] Clause(Atom(sbt.plugins.JUnitXmlReportPlugin),Set(Atom(sbt.plugins.JvmPlugin)))
[debug] Clause(Atom(sbt.plugins.MiniDependencyTreePlugin),Set(Atom(sbt.plugins.JvmPlugin)))
[debug] Clause(Atom(sbt.plugins.CorePlugin),Set(Atom(sbt.plugins.IvyPlugin)))
[debug] Clause(Atom(sbt.plugins.IvyPlugin),Set(Atom(sbt.plugins.JvmPlugin)))
[debug] Clause(Atom(sbt.plugins.JvmPlugin),Set(Atom(sbt.plugins.SemanticdbPlugin)))
[debug] Clause(Atom(sbt.plugins.JvmPlugin),Set(Atom(sbt.plugins.JUnitXmlReportPlugin)))
[debug] Clause(Atom(sbt.plugins.CorePlugin),Set(Atom(sbt.plugins.Giter8TemplatePlugin)))
[debug] Clause(Atom(sbt.plugins.JvmPlugin),Set(Atom(sbt.plugins.MiniDependencyTreePlugin))))
[debug]   :: deduced result: Matched(sbt.plugins.CorePlugin,sbt.plugins.Giter8TemplatePlugin,sbt.plugins.IvyPlugin,sbt.plugins.JvmPlugin,sbt.plugins.MiniDependencyTreePlugin,sbt.plugins.JUnitXmlReportPlugin,sbt.plugins.SemanticdbPlugin)
[debug] Plugins.deducer#function took 6.2826 ms
[info] loading settings for project gatling-sbt-plugin-demo-build from plugins.sbt, idea9.sbt...
[debug]               Load.resolveProject(gatling-sbt-plugin-demo-build) took 4.5855ms
[debug]             Load.loadTransitive: finalizeProject(Project(id gatling-sbt-plugin-demo-build, base: C:\Users\Pozhogin\IdeaProjects\gatling-sbt-plugin-demo\project, plugins: List(<none>))) took 11.6286ms
[debug] [Loading] Done in C:\Users\Pozhogin\IdeaProjects\gatling-sbt-plugin-demo\project, returning: (gatling-sbt-plugin-demo-build)
[debug]           Load.loadUnit: loadedProjectsRaw took 67.5946ms
[debug]           Load.loadUnit: cleanEvalClasses took 10.1643ms
[debug]         Load.loadUnit(file:/C:/Users/Pozhogin/IdeaProjects/gatling-sbt-plugin-demo/project/, ...) took 115.573ms
[debug]       Load.apply: load took 118.0494ms
[debug]       Load.apply: resolveProjects took 0.1045ms
[debug]       Load.apply: finalTransforms took 6.9129ms
[debug]       Load.apply: config.delegates took 0.3051ms
[debug]       Load.apply: Def.make(settings)... took 60.5585ms
[debug]       Load.apply: structureIndex took 18.3594ms
[debug]       Load.apply: mkStreams took 0.0038ms
[info] loading project definition from C:\Users\Pozhogin\IdeaProjects\gatling-sbt-plugin-demo\project
[debug] Running task... Cancel: Signal, check cycles: false, forcegc: true
[debug]     Load.loadUnit: plugins took 449.5791ms
[debug]     Load.loadUnit: defsScala took 0.0033ms
[debug] [Loading] Scanning directory C:\Users\Pozhogin\IdeaProjects\gatling-sbt-plugin-demo
[debug]       Load.loadUnit: mkEval took 0.5001ms
[debug] [Loading] Found non-root projects 
[debug] [Loading] Done in C:\Users\Pozhogin\IdeaProjects\gatling-sbt-plugin-demo, returning: ()
[debug] deducing auto plugins based on known facts Set(Atom(io.gatling.sbt.GatlingPlugin), Atom(sbt.plugins.CorePlugin)) and clauses Clauses(Clause(Atom(sbt.plugins.JvmPlugin),Set(Atom(sbt.plugins.IvyPlugin)))
[debug] Clause(Atom(sbt.ScriptedPlugin),Set(Atom(sbt.plugins.JvmPlugin)))
[debug] Clause(Atom(sbt.plugins.SbtPlugin),Set(Atom(sbt.ScriptedPlugin)))
[debug] Clause(Atom(sbt.plugins.SemanticdbPlugin),Set(Atom(sbt.plugins.JvmPlugin)))
[debug] Clause(Atom(sbt.plugins.JUnitXmlReportPlugin),Set(Atom(sbt.plugins.JvmPlugin)))
[debug] Clause(Atom(sbt.plugins.MiniDependencyTreePlugin),Set(Atom(sbt.plugins.JvmPlugin)))
[debug] Clause(Atom(io.gatling.sbt.GatlingPlugin),Set(Atom(sbt.plugins.JvmPlugin)))
[debug] Clause(Atom(org.jetbrains.sbt.StructurePlugin),Set(Atom(sbt.plugins.JvmPlugin)))
[debug] Clause(Atom(org.jetbrains.sbt.IdeaShellPlugin),Set(Atom(sbt.plugins.JvmPlugin)))
[debug] Clause(Atom(org.jetbrains.sbt.indices.SbtIntellijIndicesPlugin),Set(Atom(sbt.plugins.JvmPlugin)))
[debug] Clause(Atom(sbt.plugins.CorePlugin),Set(Atom(sbt.plugins.IvyPlugin)))
[debug] Clause(Atom(sbt.plugins.IvyPlugin),Set(Atom(sbt.plugins.JvmPlugin)))
[debug] Clause(Atom(sbt.plugins.JvmPlugin),Set(Atom(sbt.plugins.SemanticdbPlugin)))
[debug] Clause(Atom(sbt.plugins.JvmPlugin),Set(Atom(sbt.plugins.JUnitXmlReportPlugin)))
[debug] Clause(Atom(sbt.plugins.CorePlugin),Set(Atom(sbt.plugins.Giter8TemplatePlugin)))
[debug] Clause(Atom(sbt.plugins.JvmPlugin),Set(Atom(sbt.plugins.MiniDependencyTreePlugin)))
[debug] Clause(Atom(sbt.plugins.JvmPlugin),Set(Atom(org.jetbrains.sbt.StructurePlugin)))
[debug] Clause(Atom(sbt.plugins.JvmPlugin),Set(Atom(org.jetbrains.sbt.IdeaShellPlugin)))
[debug] Clause(And(Set(Atom(sbt.plugins.CorePlugin), Atom(sbt.plugins.JvmPlugin))),Set(Atom(org.jetbrains.sbt.indices.SbtIntellijIndicesPlugin))))
[debug]   :: deduced result: Matched(sbt.plugins.CorePlugin,io.gatling.sbt.GatlingPlugin,sbt.plugins.Giter8TemplatePlugin,sbt.plugins.IvyPlugin,sbt.plugins.JvmPlugin,sbt.plugins.SemanticdbPlugin,org.jetbrains.sbt.indices.SbtIntellijIndicesPlugin,sbt.plugins.JUnitXmlReportPlugin,org.jetbrains.sbt.IdeaShellPlugin,org.jetbrains.sbt.StructurePlugin,sbt.plugins.MiniDependencyTreePlugin)
[debug] Plugins.deducer#function took 2.2151 ms
[info] loading settings for project gatling-sbt-plugin-demo from build.sbt...
[debug]         Load.resolveProject(gatling-sbt-plugin-demo) took 49.6438ms
[debug]       Load.loadTransitive: finalizeProject(Project(id gatling-sbt-plugin-demo, base: C:\Users\Pozhogin\IdeaProjects\gatling-sbt-plugin-demo, plugins: List(<none>))) took 52.4238ms
[debug] [Loading] Done in C:\Users\Pozhogin\IdeaProjects\gatling-sbt-plugin-demo, returning: (gatling-sbt-plugin-demo)
[debug]     Load.loadUnit: loadedProjectsRaw took 243.1109ms
[debug]     Load.loadUnit: cleanEvalClasses took 36.1612ms
[debug]   Load.loadUnit(file:/C:/Users/Pozhogin/IdeaProjects/gatling-sbt-plugin-demo/, ...) took 729.7747ms
[debug] Load.apply: load took 731.5142ms
[debug] Load.apply: resolveProjects took 0.0821ms
[debug] Load.apply: finalTransforms took 12.7144ms
[debug] Load.apply: config.delegates took 0.471ms
[debug] Load.apply: Def.make(settings)... took 107.8449ms
[debug] Load.apply: structureIndex took 21.4588ms
[debug] Load.apply: mkStreams took 0.0032ms
[warn] Discarding 1 session setting.  Use 'session save' to persist session settings.
[info] set current project to gatling-sbt-plugin-demo (in build file:/C:/Users/Pozhogin/IdeaProjects/gatling-sbt-plugin-demo/)
[debug] > Exec(sbtPopOnFailure, None, None)
[debug] > Exec(resumeFromFailure, None, None)
[debug] > Exec(set _root_.org.jetbrains.sbt.StructureKeys.sbtStructureOptions in Global := "download resolveClassifiers", None, None)
[info] Defining Global / sbtStructureOptions
[info] The new value will be used by Global / ssOptions
[debug] Defining 
[debug] 	Global / sbtStructureOptions
[debug] 
[debug] The new value will be used by 
[debug] 	Global / ssOptions
[info] Reapplying settings...
[info] set current project to gatling-sbt-plugin-demo (in build file:/C:/Users/Pozhogin/IdeaProjects/gatling-sbt-plugin-demo/)
[debug] > Exec(*/*:dumpStructureTo C:/Users/Pozhogin/AppData/Local/Temp/sbt-structure.xml, None, None)
[debug] Evaluating tasks: Global / dumpStructureTo
[warn] sbt 0.13 shell syntax is deprecated; use slash syntax instead: Global / dumpStructureTo
[debug] Running task... Cancel: Signal, check cycles: false, forcegc: true
[info] Writing structure to C:\Users\Pozhogin\AppData\Local\Temp\sbt-structure.xml...
[info] Done.
[success] Total time: 1 s, completed 12 окт. 2025 г., 18:10:05
[debug] > Exec(session clear-all, None, None)
[info] Reapplying settings...
[info] set current project to gatling-sbt-plugin-demo (in build file:/C:/Users/Pozhogin/IdeaProjects/gatling-sbt-plugin-demo/)
[debug] > Exec(set ideaPort in Global := 49932, None, None)
[info] Defining Global / ideaPort
[info] The new value will be used by Compile / compile, Test / compile
[debug] Defining 
[debug] 	Global / ideaPort
[debug] 
[debug] The new value will be used by 
[debug] 	Compile / compile
[debug] 	Test / compile
[info] Reapplying settings...
[info] set current project to gatling-sbt-plugin-demo (in build file:/C:/Users/Pozhogin/IdeaProjects/gatling-sbt-plugin-demo/)
[debug] > Exec(idea-shell, None, None)
[debug] > Exec(, None, None)
[debug] > Exec(idea-shell, None, None)
