[debug] > Exec(;reload; set _root_.org.jetbrains.sbt.StructureKeys.sbtStructureOptions in Global := "download resolveClassifiers" ;*/*:dumpStructureTo C:/Users/Pozhogin/AppData/Local/Temp/sbt-structure.xml; session clear-all ; set ideaPort in Global := 49932, None, None)
[debug] > Exec(reload, None, None)
[debug] > Exec(sbtStashOnFailure, None, None)
[debug] > Exec(onFailure loadFailed, None, None)
[debug] > Exec(loadp, None, None)
[info] welcome to sbt 1.11.6 (Amazon.com Inc. Java 17.0.14)
[debug]       Load.loadUnit: plugins took 35.3157ms
[debug]       Load.loadUnit: defsScala took 0.0081ms
[debug] [Loading] Scanning directory C:\Users\Pozhogin\.sbt\1.0\plugins
[debug] [Loading] Found non-root projects 
[debug] [Loading] Done in C:\Users\Pozhogin\.sbt\1.0\plugins, returning: ()
[debug] deducing auto plugins based on known facts Set(Atom(sbt.plugins.CorePlugin)) and clauses Clauses(Clause(Atom(sbt.plugins.JvmPlugin),Set(Atom(sbt.plugins.IvyPlugin)))
[debug] Clause(Atom(sbt.ScriptedPlugin),Set(Atom(sbt.plugins.JvmPlugin)))
[debug] Clause(Atom(sbt.plugins.SbtPlugin),Set(Atom(sbt.ScriptedPlugin)))
[debug] Clause(Atom(sbt.plugins.SemanticdbPlugin),Set(Atom(sbt.plugins.JvmPlugin)))
[debug] Clause(Atom(sbt.plugins.JUnitXmlReportPlugin),Set(Atom(sbt.plugins.JvmPlugin)))
[debug] Clause(Atom(sbt.plugins.MiniDependencyTreePlugin),Set(Atom(sbt.plugins.JvmPlugin)))
[debug] Clause(Atom(sbt.plugins.CorePlugin),Set(Atom(sbt.plugins.IvyPlugin)))
[debug] Clause(Atom(sbt.plugins.IvyPlugin),Set(Atom(sbt.plugins.JvmPlugin)))
[debug] Clause(Atom(sbt.plugins.JvmPlugin),Set(Atom(sbt.plugins.SemanticdbPlugin)))
[debug] Clause(Atom(sbt.plugins.JvmPlugin),Set(Atom(sbt.plugins.JUnitXmlReportPlugin)))
[debug] Clause(Atom(sbt.plugins.CorePlugin),Set(Atom(sbt.plugins.Giter8TemplatePlugin)))
[debug] Clause(Atom(sbt.plugins.JvmPlugin),Set(Atom(sbt.plugins.MiniDependencyTreePlugin))))
[debug]   :: deduced result: Matched(sbt.plugins.CorePlugin,sbt.plugins.Giter8TemplatePlugin,sbt.plugins.IvyPlugin,sbt.plugins.JvmPlugin,sbt.plugins.MiniDependencyTreePlugin,sbt.plugins.JUnitXmlReportPlugin,sbt.plugins.SemanticdbPlugin)
[debug] Plugins.deducer#function took 1.5779 ms
[debug]           Load.resolveProject(global-plugins) took 1.2595ms
[debug]         Load.loadTransitive: finalizeProject(Project(id global-plugins, base: C:\Users\Pozhogin\.sbt\1.0\plugins, plugins: List(<none>))) took 3.3394ms
[debug] [Loading] Done in C:\Users\Pozhogin\.sbt\1.0\plugins, returning: (global-plugins)
[debug]       Load.loadUnit: loadedProjectsRaw took 4.6221ms
[debug]       Load.loadUnit: cleanEvalClasses took 0.0117ms
[debug]     Load.loadUnit(file:/C:/Users/Pozhogin/.sbt/1.0/plugins/, ...) took 41.4165ms
[debug]   Load.apply: load took 43.6315ms
[debug]   Load.apply: resolveProjects took 0.1463ms
[debug]   Load.apply: finalTransforms took 6.4828ms
[debug]   Load.apply: config.delegates took 0.3155ms
[debug]   Load.apply: Def.make(settings)... took 45.159ms
[debug]   Load.apply: structureIndex took 18.3588ms
[debug]   Load.apply: mkStreams took 0.0025ms
[info] loading global plugins from C:\Users\Pozhogin\.sbt\1.0\plugins
[debug] Running task... Cancel: Signal, check cycles: false, forcegc: true
[debug] Load.defaultLoad until apply took 352.1061ms
[debug]           Load.loadUnit: plugins took 32.423ms
[debug]           Load.loadUnit: defsScala took 0.0037ms
[debug] [Loading] Scanning directory C:\Users\Pozhogin\IdeaProjects\gatling-sbt-plugin-demo\project
[debug]             Load.loadUnit: mkEval took 0.7038ms
[debug] [Loading] Found non-root projects 
[debug] [Loading] Done in C:\Users\Pozhogin\IdeaProjects\gatling-sbt-plugin-demo\project, returning: ()
[debug] deducing auto plugins based on known facts Set(Atom(sbt.plugins.CorePlugin)) and clauses Clauses(Clause(Atom(sbt.plugins.JvmPlugin),Set(Atom(sbt.plugins.IvyPlugin)))
[debug] Clause(Atom(sbt.ScriptedPlugin),Set(Atom(sbt.plugins.JvmPlugin)))
[debug] Clause(Atom(sbt.plugins.SbtPlugin),Set(Atom(sbt.ScriptedPlugin)))
[debug] Clause(Atom(sbt.plugins.SemanticdbPlugin),Set(Atom(sbt.plugins.JvmPlugin)))
[debug] Clause(Atom(sbt.plugins.JUnitXmlReportPlugin),Set(Atom(sbt.plugins.JvmPlugin)))
[debug] Clause(Atom(sbt.plugins.MiniDependencyTreePlugin),Set(Atom(sbt.plugins.JvmPlugin)))
[debug] Clause(Atom(sbt.plugins.CorePlugin),Set(Atom(sbt.plugins.IvyPlugin)))
[debug] Clause(Atom(sbt.plugins.IvyPlugin),Set(Atom(sbt.plugins.JvmPlugin)))
[debug] Clause(Atom(sbt.plugins.JvmPlugin),Set(Atom(sbt.plugins.SemanticdbPlugin)))
[debug] Clause(Atom(sbt.plugins.JvmPlugin),Set(Atom(sbt.plugins.JUnitXmlReportPlugin)))
[debug] Clause(Atom(sbt.plugins.CorePlugin),Set(Atom(sbt.plugins.Giter8TemplatePlugin)))
[debug] Clause(Atom(sbt.plugins.JvmPlugin),Set(Atom(sbt.plugins.MiniDependencyTreePlugin))))
[debug]   :: deduced result: Matched(sbt.plugins.CorePlugin,sbt.plugins.Giter8TemplatePlugin,sbt.plugins.IvyPlugin,sbt.plugins.JvmPlugin,sbt.plugins.MiniDependencyTreePlugin,sbt.plugins.JUnitXmlReportPlugin,sbt.plugins.SemanticdbPlugin)
[debug] Plugins.deducer#function took 1.6371 ms
[info] loading settings for project gatling-sbt-plugin-demo-build from plugins.sbt, idea2.sbt...
[debug]               Load.resolveProject(gatling-sbt-plugin-demo-build) took 4.4952ms
[debug]             Load.loadTransitive: finalizeProject(Project(id gatling-sbt-plugin-demo-build, base: C:\Users\Pozhogin\IdeaProjects\gatling-sbt-plugin-demo\project, plugins: List(<none>))) took 6.6218ms
[debug] [Loading] Done in C:\Users\Pozhogin\IdeaProjects\gatling-sbt-plugin-demo\project, returning: (gatling-sbt-plugin-demo-build)
[debug]           Load.loadUnit: loadedProjectsRaw took 56.1242ms
[debug]           Load.loadUnit: cleanEvalClasses took 9.8548ms
[debug]         Load.loadUnit(file:/C:/Users/Pozhogin/IdeaProjects/gatling-sbt-plugin-demo/project/, ...) took 99.4644ms
[debug]       Load.apply: load took 101.233ms
[debug]       Load.apply: resolveProjects took 0.1062ms
[debug]       Load.apply: finalTransforms took 4.9427ms
[debug]       Load.apply: config.delegates took 0.3027ms
[debug]       Load.apply: Def.make(settings)... took 50.1878ms
[debug]       Load.apply: structureIndex took 13.2719ms
[debug]       Load.apply: mkStreams took 0.0022ms
[info] loading project definition from C:\Users\Pozhogin\IdeaProjects\gatling-sbt-plugin-demo\project
[debug] Running task... Cancel: Signal, check cycles: false, forcegc: true
[debug]     Load.loadUnit: plugins took 389.7273ms
[debug]     Load.loadUnit: defsScala took 0.0033ms
[debug] [Loading] Scanning directory C:\Users\Pozhogin\IdeaProjects\gatling-sbt-plugin-demo
[debug]       Load.loadUnit: mkEval took 0.5871ms
[debug] [Loading] Found non-root projects 
[debug] [Loading] Done in C:\Users\Pozhogin\IdeaProjects\gatling-sbt-plugin-demo, returning: ()
[debug] deducing auto plugins based on known facts Set(Atom(io.gatling.sbt.GatlingPlugin), Atom(sbt.plugins.CorePlugin)) and clauses Clauses(Clause(Atom(sbt.plugins.JvmPlugin),Set(Atom(sbt.plugins.IvyPlugin)))
[debug] Clause(Atom(sbt.ScriptedPlugin),Set(Atom(sbt.plugins.JvmPlugin)))
[debug] Clause(Atom(sbt.plugins.SbtPlugin),Set(Atom(sbt.ScriptedPlugin)))
[debug] Clause(Atom(sbt.plugins.SemanticdbPlugin),Set(Atom(sbt.plugins.JvmPlugin)))
[debug] Clause(Atom(sbt.plugins.JUnitXmlReportPlugin),Set(Atom(sbt.plugins.JvmPlugin)))
[debug] Clause(Atom(sbt.plugins.MiniDependencyTreePlugin),Set(Atom(sbt.plugins.JvmPlugin)))
[debug] Clause(Atom(io.gatling.sbt.GatlingPlugin),Set(Atom(sbt.plugins.JvmPlugin)))
[debug] Clause(Atom(org.jetbrains.sbt.StructurePlugin),Set(Atom(sbt.plugins.JvmPlugin)))
[debug] Clause(Atom(org.jetbrains.sbt.IdeaShellPlugin),Set(Atom(sbt.plugins.JvmPlugin)))
[debug] Clause(Atom(org.jetbrains.sbt.indices.SbtIntellijIndicesPlugin),Set(Atom(sbt.plugins.JvmPlugin)))
[debug] Clause(Atom(sbt.plugins.CorePlugin),Set(Atom(sbt.plugins.IvyPlugin)))
[debug] Clause(Atom(sbt.plugins.IvyPlugin),Set(Atom(sbt.plugins.JvmPlugin)))
[debug] Clause(Atom(sbt.plugins.JvmPlugin),Set(Atom(sbt.plugins.SemanticdbPlugin)))
[debug] Clause(Atom(sbt.plugins.JvmPlugin),Set(Atom(sbt.plugins.JUnitXmlReportPlugin)))
[debug] Clause(Atom(sbt.plugins.CorePlugin),Set(Atom(sbt.plugins.Giter8TemplatePlugin)))
[debug] Clause(Atom(sbt.plugins.JvmPlugin),Set(Atom(sbt.plugins.MiniDependencyTreePlugin)))
[debug] Clause(Atom(sbt.plugins.JvmPlugin),Set(Atom(org.jetbrains.sbt.StructurePlugin)))
[debug] Clause(Atom(sbt.plugins.JvmPlugin),Set(Atom(org.jetbrains.sbt.IdeaShellPlugin)))
[debug] Clause(And(Set(Atom(sbt.plugins.CorePlugin), Atom(sbt.plugins.JvmPlugin))),Set(Atom(org.jetbrains.sbt.indices.SbtIntellijIndicesPlugin))))
[debug]   :: deduced result: Matched(sbt.plugins.CorePlugin,io.gatling.sbt.GatlingPlugin,sbt.plugins.Giter8TemplatePlugin,sbt.plugins.IvyPlugin,sbt.plugins.JvmPlugin,sbt.plugins.SemanticdbPlugin,org.jetbrains.sbt.indices.SbtIntellijIndicesPlugin,sbt.plugins.JUnitXmlReportPlugin,org.jetbrains.sbt.IdeaShellPlugin,org.jetbrains.sbt.StructurePlugin,sbt.plugins.MiniDependencyTreePlugin)
[debug] Plugins.deducer#function took 2.2237 ms
[info] loading settings for project gatling-sbt-plugin-demo from build.sbt...
[debug]         Load.resolveProject(gatling-sbt-plugin-demo) took 44.3459ms
[debug]       Load.loadTransitive: finalizeProject(Project(id gatling-sbt-plugin-demo, base: C:\Users\Pozhogin\IdeaProjects\gatling-sbt-plugin-demo, plugins: List(<none>))) took 47.1581ms
[debug] [Loading] Done in C:\Users\Pozhogin\IdeaProjects\gatling-sbt-plugin-demo, returning: (gatling-sbt-plugin-demo)
[debug]     Load.loadUnit: loadedProjectsRaw took 249.1008ms
[debug]     Load.loadUnit: cleanEvalClasses took 41.9491ms
[debug]   Load.loadUnit(file:/C:/Users/Pozhogin/IdeaProjects/gatling-sbt-plugin-demo/, ...) took 681.7151ms
[debug] Load.apply: load took 683.4343ms
[debug] Load.apply: resolveProjects took 0.1036ms
[debug] Load.apply: finalTransforms took 17.962ms
[debug] Load.apply: config.delegates took 0.3798ms
[debug] Load.apply: Def.make(settings)... took 60.1498ms
[debug] Load.apply: structureIndex took 19.6956ms
[debug] Load.apply: mkStreams took 0.0027ms
[warn] Discarding 1 session setting.  Use 'session save' to persist session settings.
[info] set current project to gatling-sbt-plugin-demo (in build file:/C:/Users/Pozhogin/IdeaProjects/gatling-sbt-plugin-demo/)
[debug] > Exec(sbtPopOnFailure, None, None)
[debug] > Exec(resumeFromFailure, None, None)
[debug] > Exec(set _root_.org.jetbrains.sbt.StructureKeys.sbtStructureOptions in Global := "download resolveClassifiers", None, None)
[info] Defining Global / sbtStructureOptions
[info] The new value will be used by Global / ssOptions
[debug] Defining 
[debug] 	Global / sbtStructureOptions
[debug] 
[debug] The new value will be used by 
[debug] 	Global / ssOptions
[info] Reapplying settings...
[info] set current project to gatling-sbt-plugin-demo (in build file:/C:/Users/Pozhogin/IdeaProjects/gatling-sbt-plugin-demo/)
[debug] > Exec(*/*:dumpStructureTo C:/Users/Pozhogin/AppData/Local/Temp/sbt-structure.xml, None, None)
[debug] Evaluating tasks: Global / dumpStructureTo
[warn] sbt 0.13 shell syntax is deprecated; use slash syntax instead: Global / dumpStructureTo
[debug] Running task... Cancel: Signal, check cycles: false, forcegc: true
[warn] Canceling execution...
[error] Cancelled: */*:dumpStructureTo C:/Users/Pozhogin/AppData/Local/Temp/sbt-structure.xml
[error] Cancelled: */*:dumpStructureTo C:/Users/Pozhogin/AppData/Local/Temp/sbt-structure.xml
[error] Use 'last' for the full log.
[debug] > Exec(idea-shell, None, None)
[warn] build source files have changed
[warn] modified files: 
[warn]   C:\Users\Pozhogin\IdeaProjects\gatling-sbt-plugin-demo\build.sbt
[warn] Apply these changes by running `reload`.
[warn] Automatically reload the build when source changes are detected by setting `Global / onChangedBuildSource := ReloadOnSourceChanges`.
[warn] Disable this warning by setting `Global / onChangedBuildSource := IgnoreSourceChanges`.
[debug] > Exec(, None, None)
[debug] > Exec(idea-shell, None, None)
[debug] > Exec(, None, None)
[debug] > Exec(idea-shell, None, None)
[debug] > Exec(, None, None)
[debug] > Exec(idea-shell, None, None)
[debug] > Exec(, None, None)
[debug] > Exec(idea-shell, None, None)
[debug] > Exec(, None, None)
[debug] > Exec(idea-shell, None, None)
