[debug] > Exec(early(addDefaultCommands), None, None)
[debug] > Exec(addDefaultCommands, None, None)
[debug] > Exec(early(initialize), None, None)
[debug] > Exec(initialize, None, None)
[debug] > Exec(early(addPluginSbtFile="""C:\Users\Pozhogin\AppData\Local\Temp\idea9.sbt"""), None, None)
[debug] > Exec(addPluginSbtFile="""C:\Users\Pozhogin\AppData\Local\Temp\idea9.sbt""", None, None)
[debug] > Exec(boot, None, None)
[debug] > Exec(writeSbtVersion, None, None)
[debug] > Exec(reload, None, None)
[debug] > Exec(sbtStashOnFailure, None, None)
[debug] > Exec(onFailure loadFailed, None, None)
[debug] > Exec(loadp, None, None)
[info] welcome to sbt 1.11.6 (Amazon.com Inc. Java 17.0.14)
[debug]       Load.loadUnit: plugins took 94.3489ms
[debug]       Load.loadUnit: defsScala took 0.2466ms
[debug] [Loading] Scanning directory C:\Users\Pozhogin\.sbt\1.0\plugins
[debug] [Loading] Found non-root projects 
[debug] [Loading] Done in C:\Users\Pozhogin\.sbt\1.0\plugins, returning: ()
[debug] deducing auto plugins based on known facts Set(Atom(sbt.plugins.CorePlugin)) and clauses Clauses(Clause(Atom(sbt.plugins.JvmPlugin),Set(Atom(sbt.plugins.IvyPlugin)))
[debug] Clause(Atom(sbt.ScriptedPlugin),Set(Atom(sbt.plugins.JvmPlugin)))
[debug] Clause(Atom(sbt.plugins.SbtPlugin),Set(Atom(sbt.ScriptedPlugin)))
[debug] Clause(Atom(sbt.plugins.SemanticdbPlugin),Set(Atom(sbt.plugins.JvmPlugin)))
[debug] Clause(Atom(sbt.plugins.JUnitXmlReportPlugin),Set(Atom(sbt.plugins.JvmPlugin)))
[debug] Clause(Atom(sbt.plugins.MiniDependencyTreePlugin),Set(Atom(sbt.plugins.JvmPlugin)))
[debug] Clause(Atom(sbt.plugins.CorePlugin),Set(Atom(sbt.plugins.IvyPlugin)))
[debug] Clause(Atom(sbt.plugins.IvyPlugin),Set(Atom(sbt.plugins.JvmPlugin)))
[debug] Clause(Atom(sbt.plugins.JvmPlugin),Set(Atom(sbt.plugins.SemanticdbPlugin)))
[debug] Clause(Atom(sbt.plugins.JvmPlugin),Set(Atom(sbt.plugins.JUnitXmlReportPlugin)))
[debug] Clause(Atom(sbt.plugins.CorePlugin),Set(Atom(sbt.plugins.Giter8TemplatePlugin)))
[debug] Clause(Atom(sbt.plugins.JvmPlugin),Set(Atom(sbt.plugins.MiniDependencyTreePlugin))))
[debug]   :: deduced result: Matched(sbt.plugins.CorePlugin,sbt.plugins.Giter8TemplatePlugin,sbt.plugins.IvyPlugin,sbt.plugins.JvmPlugin,sbt.plugins.MiniDependencyTreePlugin,sbt.plugins.JUnitXmlReportPlugin,sbt.plugins.SemanticdbPlugin)
[debug] Plugins.deducer#function took 16.6389 ms
[debug]           Load.resolveProject(global-plugins) took 42.4754ms
[debug]         Load.loadTransitive: finalizeProject(Project(id global-plugins, base: C:\Users\Pozhogin\.sbt\1.0\plugins, plugins: List(<none>))) took 76.9826ms
[debug] [Loading] Done in C:\Users\Pozhogin\.sbt\1.0\plugins, returning: (global-plugins)
[debug]       Load.loadUnit: loadedProjectsRaw took 97.8193ms
[debug]       Load.loadUnit: cleanEvalClasses took 0.3233ms
[debug]     Load.loadUnit(file:/C:/Users/Pozhogin/.sbt/1.0/plugins/, ...) took 201.0764ms
[debug]   Load.apply: load took 367.6644ms
[debug]   Load.apply: resolveProjects took 5.8741ms
[debug]   Load.apply: finalTransforms took 59.572ms
[debug]   Load.apply: config.delegates took 13.3821ms
[debug]   Load.apply: Def.make(settings)... took 471.1485ms
[debug]   Load.apply: structureIndex took 134.9406ms
[debug]   Load.apply: mkStreams took 1.8652ms
[info] loading global plugins from C:\Users\Pozhogin\.sbt\1.0\plugins
[debug] Running task... Cancel: Signal, check cycles: false, forcegc: true
[debug] Load.defaultLoad until apply took 2372.8278ms
[debug]           Load.loadUnit: plugins took 39.4243ms
[debug]           Load.loadUnit: defsScala took 0.0036ms
[debug] [Loading] Scanning directory C:\Users\Pozhogin\IdeaProjects\gatling-sbt-plugin-demo\project
[debug]             Load.loadUnit: mkEval took 6.846ms
[debug] [Loading] Found non-root projects 
[debug] [Loading] Done in C:\Users\Pozhogin\IdeaProjects\gatling-sbt-plugin-demo\project, returning: ()
[debug] deducing auto plugins based on known facts Set(Atom(sbt.plugins.CorePlugin)) and clauses Clauses(Clause(Atom(sbt.plugins.JvmPlugin),Set(Atom(sbt.plugins.IvyPlugin)))
[debug] Clause(Atom(sbt.ScriptedPlugin),Set(Atom(sbt.plugins.JvmPlugin)))
[debug] Clause(Atom(sbt.plugins.SbtPlugin),Set(Atom(sbt.ScriptedPlugin)))
[debug] Clause(Atom(sbt.plugins.SemanticdbPlugin),Set(Atom(sbt.plugins.JvmPlugin)))
[debug] Clause(Atom(sbt.plugins.JUnitXmlReportPlugin),Set(Atom(sbt.plugins.JvmPlugin)))
[debug] Clause(Atom(sbt.plugins.MiniDependencyTreePlugin),Set(Atom(sbt.plugins.JvmPlugin)))
[debug] Clause(Atom(sbt.plugins.CorePlugin),Set(Atom(sbt.plugins.IvyPlugin)))
[debug] Clause(Atom(sbt.plugins.IvyPlugin),Set(Atom(sbt.plugins.JvmPlugin)))
[debug] Clause(Atom(sbt.plugins.JvmPlugin),Set(Atom(sbt.plugins.SemanticdbPlugin)))
[debug] Clause(Atom(sbt.plugins.JvmPlugin),Set(Atom(sbt.plugins.JUnitXmlReportPlugin)))
[debug] Clause(Atom(sbt.plugins.CorePlugin),Set(Atom(sbt.plugins.Giter8TemplatePlugin)))
[debug] Clause(Atom(sbt.plugins.JvmPlugin),Set(Atom(sbt.plugins.MiniDependencyTreePlugin))))
[debug]   :: deduced result: Matched(sbt.plugins.CorePlugin,sbt.plugins.Giter8TemplatePlugin,sbt.plugins.IvyPlugin,sbt.plugins.JvmPlugin,sbt.plugins.MiniDependencyTreePlugin,sbt.plugins.JUnitXmlReportPlugin,sbt.plugins.SemanticdbPlugin)
[debug] Plugins.deducer#function took 2.2539 ms
[info] loading settings for project gatling-sbt-plugin-demo-build from plugins.sbt, idea9.sbt...
[debug]               Load.resolveProject(gatling-sbt-plugin-demo-build) took 3.5963ms
[debug]             Load.loadTransitive: finalizeProject(Project(id gatling-sbt-plugin-demo-build, base: C:\Users\Pozhogin\IdeaProjects\gatling-sbt-plugin-demo\project, plugins: List(<none>))) took 6.4737ms
[debug] [Loading] Done in C:\Users\Pozhogin\IdeaProjects\gatling-sbt-plugin-demo\project, returning: (gatling-sbt-plugin-demo-build)
[debug]           Load.loadUnit: loadedProjectsRaw took 198.6159ms
[debug]           Load.loadUnit: cleanEvalClasses took 13.5118ms
[debug]         Load.loadUnit(file:/C:/Users/Pozhogin/IdeaProjects/gatling-sbt-plugin-demo/project/, ...) took 252.7153ms
[debug]       Load.apply: load took 255.0624ms
[debug]       Load.apply: resolveProjects took 0.1414ms
[debug]       Load.apply: finalTransforms took 14.9984ms
[debug]       Load.apply: config.delegates took 0.3766ms
[debug]       Load.apply: Def.make(settings)... took 80.4353ms
[debug]       Load.apply: structureIndex took 30.6695ms
[debug]       Load.apply: mkStreams took 0.0035ms
[info] loading project definition from C:\Users\Pozhogin\IdeaProjects\gatling-sbt-plugin-demo\project
[debug] Running task... Cancel: Signal, check cycles: false, forcegc: true
[debug]     Load.loadUnit: plugins took 823.494ms
[debug]     Load.loadUnit: defsScala took 0.0025ms
[debug] [Loading] Scanning directory C:\Users\Pozhogin\IdeaProjects\gatling-sbt-plugin-demo
[debug]       Load.loadUnit: mkEval took 0.4697ms
[debug] [Loading] Found non-root projects 
[debug] [Loading] Done in C:\Users\Pozhogin\IdeaProjects\gatling-sbt-plugin-demo, returning: ()
[debug] deducing auto plugins based on known facts Set(Atom(io.gatling.sbt.GatlingPlugin), Atom(sbt.plugins.CorePlugin)) and clauses Clauses(Clause(Atom(sbt.plugins.JvmPlugin),Set(Atom(sbt.plugins.IvyPlugin)))
[debug] Clause(Atom(sbt.ScriptedPlugin),Set(Atom(sbt.plugins.JvmPlugin)))
[debug] Clause(Atom(sbt.plugins.SbtPlugin),Set(Atom(sbt.ScriptedPlugin)))
[debug] Clause(Atom(sbt.plugins.SemanticdbPlugin),Set(Atom(sbt.plugins.JvmPlugin)))
[debug] Clause(Atom(sbt.plugins.JUnitXmlReportPlugin),Set(Atom(sbt.plugins.JvmPlugin)))
[debug] Clause(Atom(sbt.plugins.MiniDependencyTreePlugin),Set(Atom(sbt.plugins.JvmPlugin)))
[debug] Clause(Atom(io.gatling.sbt.GatlingPlugin),Set(Atom(sbt.plugins.JvmPlugin)))
[debug] Clause(Atom(org.jetbrains.sbt.StructurePlugin),Set(Atom(sbt.plugins.JvmPlugin)))
[debug] Clause(Atom(org.jetbrains.sbt.IdeaShellPlugin),Set(Atom(sbt.plugins.JvmPlugin)))
[debug] Clause(Atom(org.jetbrains.sbt.indices.SbtIntellijIndicesPlugin),Set(Atom(sbt.plugins.JvmPlugin)))
[debug] Clause(Atom(sbt.plugins.CorePlugin),Set(Atom(sbt.plugins.IvyPlugin)))
[debug] Clause(Atom(sbt.plugins.IvyPlugin),Set(Atom(sbt.plugins.JvmPlugin)))
[debug] Clause(Atom(sbt.plugins.JvmPlugin),Set(Atom(sbt.plugins.SemanticdbPlugin)))
[debug] Clause(Atom(sbt.plugins.JvmPlugin),Set(Atom(sbt.plugins.JUnitXmlReportPlugin)))
[debug] Clause(Atom(sbt.plugins.CorePlugin),Set(Atom(sbt.plugins.Giter8TemplatePlugin)))
[debug] Clause(Atom(sbt.plugins.JvmPlugin),Set(Atom(sbt.plugins.MiniDependencyTreePlugin)))
[debug] Clause(Atom(sbt.plugins.JvmPlugin),Set(Atom(org.jetbrains.sbt.StructurePlugin)))
[debug] Clause(Atom(sbt.plugins.JvmPlugin),Set(Atom(org.jetbrains.sbt.IdeaShellPlugin)))
[debug] Clause(And(Set(Atom(sbt.plugins.CorePlugin), Atom(sbt.plugins.JvmPlugin))),Set(Atom(org.jetbrains.sbt.indices.SbtIntellijIndicesPlugin))))
[debug]   :: deduced result: Matched(sbt.plugins.CorePlugin,io.gatling.sbt.GatlingPlugin,sbt.plugins.Giter8TemplatePlugin,sbt.plugins.IvyPlugin,sbt.plugins.JvmPlugin,sbt.plugins.SemanticdbPlugin,org.jetbrains.sbt.indices.SbtIntellijIndicesPlugin,sbt.plugins.JUnitXmlReportPlugin,org.jetbrains.sbt.IdeaShellPlugin,org.jetbrains.sbt.StructurePlugin,sbt.plugins.MiniDependencyTreePlugin)
[debug] Plugins.deducer#function took 2.4466 ms
[info] loading settings for project gatling-sbt-plugin-demo from build.sbt...
[debug]         Load.resolveProject(gatling-sbt-plugin-demo) took 84.6726ms
[debug]       Load.loadTransitive: finalizeProject(Project(id gatling-sbt-plugin-demo, base: C:\Users\Pozhogin\IdeaProjects\gatling-sbt-plugin-demo, plugins: List(<none>))) took 88.852ms
[debug] [Loading] Done in C:\Users\Pozhogin\IdeaProjects\gatling-sbt-plugin-demo, returning: (gatling-sbt-plugin-demo)
[debug]     Load.loadUnit: loadedProjectsRaw took 323.7496ms
[debug]     Load.loadUnit: cleanEvalClasses took 47.7576ms
[debug]   Load.loadUnit(file:/C:/Users/Pozhogin/IdeaProjects/gatling-sbt-plugin-demo/, ...) took 1196.0425ms
[debug] Load.apply: load took 1198.6062ms
[debug] Load.apply: resolveProjects took 0.1181ms
[debug] Load.apply: finalTransforms took 22.4946ms
[debug] Load.apply: config.delegates took 0.5225ms
[debug] Load.apply: Def.make(settings)... took 99.9595ms
[debug] Load.apply: structureIndex took 41.7528ms
[debug] Load.apply: mkStreams took 0.0025ms
[info] set current project to gatling-sbt-plugin-demo (in build file:/C:/Users/Pozhogin/IdeaProjects/gatling-sbt-plugin-demo/)
[debug] > Exec(sbtPopOnFailure, None, None)
[debug] > Exec(resumeFromFailure, None, None)
[debug] > Exec(notifyUsersAboutShell, None, None)
[debug] > Exec(iflast shell, None, None)
[debug] > Exec(; set ideaPort in Global := 49932 ; idea-shell, None, None)
[debug] > Exec(set ideaPort in Global := 49932, None, None)
[info] Defining Global / ideaPort
[info] The new value will be used by Compile / compile, Test / compile
[debug] Defining 
[debug] 	Global / ideaPort
[debug] 
[debug] The new value will be used by 
[debug] 	Compile / compile
[debug] 	Test / compile
[info] Reapplying settings...
[info] set current project to gatling-sbt-plugin-demo (in build file:/C:/Users/Pozhogin/IdeaProjects/gatling-sbt-plugin-demo/)
[debug] > Exec(idea-shell, None, None)
